[    0.000000] Initializing cgroup subsys cpuset
[    0.000000] Initializing cgroup subsys cpu
[    0.000000] Initializing cgroup subsys cpuacct
[    0.000000] Linux version 4.4.0-200-generic (buildd@lgw01-amd64-032) (gcc version 5.4.0 20160609 (Ubuntu 5.4.0-6ubuntu1~16.04.12) ) #232-Ubuntu SMP Wed Jan 13 10:18:39 UTC 2021 (Ubuntu 4.4.0-200.232-generic 4.4.244)
[    0.000000] Command line: BOOT_IMAGE=/boot/vmlinuz-4.4.0-200-generic root=UUID=03f379b3-c6aa-499b-b7cf-2944d98de014 ro console=tty1 console=ttyS0
[    0.000000] KERNEL supported cpus:
[    0.000000]   Intel GenuineIntel
[    0.000000]   AMD AuthenticAMD
[    0.000000]   Centaur CentaurHauls
[    0.000000] [Firmware Bug]: TSC doesn't count with P0 frequency!
[    0.000000] x86/fpu: xstate_offset[2]:  576, xstate_sizes[2]:  256
[    0.000000] x86/fpu: Supporting XSAVE feature 0x01: 'x87 floating point registers'
[    0.000000] x86/fpu: Supporting XSAVE feature 0x02: 'SSE registers'
[    0.000000] x86/fpu: Supporting XSAVE feature 0x04: 'AVX registers'
[    0.000000] x86/fpu: Enabled xstate features 0x7, context size is 832 bytes, using 'standard' format.
[    0.000000] e820: BIOS-provided physical RAM map:
[    0.000000] BIOS-e820: [mem 0x0000000000000000-0x000000000009fbff] usable
[    0.000000] BIOS-e820: [mem 0x000000000009fc00-0x000000000009ffff] reserved
[    0.000000] BIOS-e820: [mem 0x00000000000f0000-0x00000000000fffff] reserved
[    0.000000] BIOS-e820: [mem 0x0000000000100000-0x000000003ffeffff] usable
[    0.000000] BIOS-e820: [mem 0x000000003fff0000-0x000000003fffffff] ACPI data
[    0.000000] BIOS-e820: [mem 0x00000000fec00000-0x00000000fec00fff] reserved
[    0.000000] BIOS-e820: [mem 0x00000000fee00000-0x00000000fee00fff] reserved
[    0.000000] BIOS-e820: [mem 0x00000000fffc0000-0x00000000ffffffff] reserved
[    0.000000] NX (Execute Disable) protection: active
[    0.000000] SMBIOS 2.5 present.
[    0.000000] Hypervisor detected: KVM
[    0.000000] Kernel/User page tables isolation: disabled
[    0.000000] e820: last_pfn = 0x3fff0 max_arch_pfn = 0x400000000
[    0.000000] MTRR: Disabled
[    0.000000] x86/PAT: MTRRs disabled, skipping PAT initialization too.
[    0.000000] CPU MTRRs all blank - virtualized system.
[    0.000000] x86/PAT: Configuration [0-7]: WB  WT  UC- UC  WB  WT  UC- UC  
[    0.000000] found SMP MP-table at [mem 0x0009fff0-0x0009ffff] mapped at [ffff88000009fff0]
[    0.000000] Scanning 1 areas for low memory corruption
[    0.000000] RAMDISK: [mem 0x361c6000-0x370dafff]
[    0.000000] ACPI: Early table checksum verification disabled
[    0.000000] ACPI: RSDP 0x00000000000E0000 000024 (v02 VBOX  )
[    0.000000] ACPI: XSDT 0x000000003FFF0030 00003C (v01 VBOX   VBOXXSDT 00000001 ASL  00000061)
[    0.000000] ACPI: FACP 0x000000003FFF00F0 0000F4 (v04 VBOX   VBOXFACP 00000001 ASL  00000061)
[    0.000000] ACPI: DSDT 0x000000003FFF0470 002325 (v02 VBOX   VBOXBIOS 00000002 INTL 20100528)
[    0.000000] ACPI: FACS 0x000000003FFF0200 000040
[    0.000000] ACPI: FACS 0x000000003FFF0200 000040
[    0.000000] ACPI: APIC 0x000000003FFF0240 00005C (v02 VBOX   VBOXAPIC 00000001 ASL  00000061)
[    0.000000] ACPI: SSDT 0x000000003FFF02A0 0001CC (v01 VBOX   VBOXCPUT 00000002 INTL 20100528)
[    0.000000] No NUMA configuration found
[    0.000000] Faking a node at [mem 0x0000000000000000-0x000000003ffeffff]
[    0.000000] NODE_DATA(0) allocated [mem 0x3ffeb000-0x3ffeffff]
[    0.000000] kvm-clock: Using msrs 4b564d01 and 4b564d00
[    0.000000] kvm-clock: cpu 0, msr 0:3ffe3001, primary cpu clock
[    0.000000] kvm-clock: using sched offset of 4143119727 cycles
[    0.000000] clocksource: kvm-clock: mask: 0xffffffffffffffff max_cycles: 0x1cd42e4dffb, max_idle_ns: 881590591483 ns
[    0.000000] Zone ranges:
[    0.000000]   DMA      [mem 0x0000000000001000-0x0000000000ffffff]
[    0.000000]   DMA32    [mem 0x0000000001000000-0x000000003ffeffff]
[    0.000000]   Normal   empty
[    0.000000]   Device   empty
[    0.000000] Movable zone start for each node
[    0.000000] Early memory node ranges
[    0.000000]   node   0: [mem 0x0000000000001000-0x000000000009efff]
[    0.000000]   node   0: [mem 0x0000000000100000-0x000000003ffeffff]
[    0.000000] Initmem setup node 0 [mem 0x0000000000001000-0x000000003ffeffff]
[    0.000000] ACPI: PM-Timer IO Port: 0x4008
[    0.000000] IOAPIC[0]: apic_id 2, version 32, address 0xfec00000, GSI 0-23
[    0.000000] ACPI: INT_SRC_OVR (bus 0 bus_irq 0 global_irq 2 dfl dfl)
[    0.000000] ACPI: INT_SRC_OVR (bus 0 bus_irq 9 global_irq 9 low level)
[    0.000000] Using ACPI (MADT) for SMP configuration information
[    0.000000] smpboot: Allowing 2 CPUs, 0 hotplug CPUs
[    0.000000] PM: Registered nosave memory: [mem 0x00000000-0x00000fff]
[    0.000000] PM: Registered nosave memory: [mem 0x0009f000-0x0009ffff]
[    0.000000] PM: Registered nosave memory: [mem 0x000a0000-0x000effff]
[    0.000000] PM: Registered nosave memory: [mem 0x000f0000-0x000fffff]
[    0.000000] e820: [mem 0x40000000-0xfebfffff] available for PCI devices
[    0.000000] Booting paravirtualized kernel on KVM
[    0.000000] clocksource: refined-jiffies: mask: 0xffffffff max_cycles: 0xffffffff, max_idle_ns: 7645519600211568 ns
[    0.000000] setup_percpu: NR_CPUS:512 nr_cpumask_bits:512 nr_cpu_ids:2 nr_node_ids:1
[    0.000000] PERCPU: Embedded 33 pages/cpu @ffff88003fc00000 s95640 r8192 d31336 u1048576
[    0.000000] Built 1 zonelists in Node order, mobility grouping on.  Total pages: 257912
[    0.000000] Policy zone: DMA32
[    0.000000] Kernel command line: BOOT_IMAGE=/boot/vmlinuz-4.4.0-200-generic root=UUID=03f379b3-c6aa-499b-b7cf-2944d98de014 ro console=tty1 console=ttyS0
[    0.000000] PID hash table entries: 4096 (order: 3, 32768 bytes)
[    0.000000] Memory: 997100K/1048120K available (8641K kernel code, 1337K rwdata, 4044K rodata, 1492K init, 1296K bss, 51020K reserved, 0K cma-reserved)
[    0.000000] SLUB: HWalign=64, Order=0-3, MinObjects=0, CPUs=2, Nodes=1
[    0.000000] Hierarchical RCU implementation.
[    0.000000] 	Build-time adjustment of leaf fanout to 64.
[    0.000000] 	RCU restricting CPUs from NR_CPUS=512 to nr_cpu_ids=2.
[    0.000000] RCU: Adjusting geometry for rcu_fanout_leaf=64, nr_cpu_ids=2
[    0.000000] NR_IRQS:33024 nr_irqs:440 16
[    0.000000] Console: colour VGA+ 80x25
[    0.000000] console [tty1] enabled
[    0.000000] console [ttyS0] enabled
[    0.000000] tsc: Detected 2096.086 MHz processor
[    0.289981] Calibrating delay loop (skipped) preset value.. 4192.17 BogoMIPS (lpj=8384344)
[    0.293176] pid_max: default: 32768 minimum: 301
[    0.295087] ACPI: Core revision 20150930
[    0.297899] ACPI: 2 ACPI AML tables successfully acquired and loaded
[    0.300611] Security Framework initialized
[    0.301994] Yama: becoming mindful.
[    0.303321] AppArmor: AppArmor initialized
[    0.304948] Dentry cache hash table entries: 131072 (order: 8, 1048576 bytes)
[    0.307354] Inode-cache hash table entries: 65536 (order: 7, 524288 bytes)
[    0.313300] Mount-cache hash table entries: 2048 (order: 2, 16384 bytes)
[    0.315819] Mountpoint-cache hash table entries: 2048 (order: 2, 16384 bytes)
[    0.321242] Initializing cgroup subsys io
[    0.322720] Initializing cgroup subsys memory
[    0.324323] Initializing cgroup subsys devices
[    0.326009] Initializing cgroup subsys freezer
[    0.327675] Initializing cgroup subsys net_cls
[    0.329946] Initializing cgroup subsys perf_event
[    0.332025] Initializing cgroup subsys net_prio
[    0.333617] Initializing cgroup subsys hugetlb
[    0.335206] Initializing cgroup subsys pids
[    0.336852] mce: CPU supports 0 MCE banks
[    0.338467] Last level iTLB entries: 4KB 512, 2MB 1024, 4MB 512
[    0.340842] Last level dTLB entries: 4KB 1024, 2MB 1024, 4MB 512, 1GB 0
[    0.342839] Spectre V1 : Mitigation: usercopy/swapgs barriers and __user pointer sanitization
[    0.346449] Spectre V2 : Spectre mitigation: LFENCE not serializing, switching to generic retpoline
[    0.349567] Spectre V2 : Mitigation: Full generic retpoline
[    0.351576] Spectre V2 : Spectre v2 / SpectreRSB mitigation: Filling RSB on context switch
[    0.355379] Speculative Store Bypass: Mitigation: Speculative Store Bypass disabled via prctl and seccomp
[    0.364769] Freeing SMP alternatives memory: 36K
[    0.376658] ftrace: allocating 32360 entries in 127 pages
[    0.485010] smpboot: APIC(0) Converting physical 0 to logical package 0
[    0.487527] smpboot: Max logical packages: 1
[    0.490035] x2apic enabled
[    0.492102] Switched APIC routing to physical x2apic.
[    0.496645] ..TIMER: vector=0x30 apic1=0 pin1=2 apic2=-1 pin2=-1
[    0.606913] APIC calibration not consistent with PM-Timer: 101ms instead of 100ms
[    0.609713] APIC delta adjusted to PM-Timer: 6287702 (6383435)
[    0.612219] smpboot: CPU0: AMD A8-5557M APU with Radeon(tm) HD Graphics (family: 0x15, model: 0x13, stepping: 0x1)
[    0.615937] Performance Events: Broken PMU hardware detected, using software events only.
[    0.618880] Failed to access perfctr msr (MSR c0010007 is 0)
[    0.631987] KVM setup paravirtual spinlock
[    0.634582] x86: Booting SMP configuration:
[    0.636596] .... node  #0, CPUs:      #1
[    0.638486] kvm-clock: cpu 1, msr 0:3ffe3041, secondary cpu clock
[    0.640468] mce: CPU supports 0 MCE banks
[    0.643431] x86: Booted up 1 node, 2 CPUs
[    0.645691] smpboot: Total of 2 processors activated (8384.34 BogoMIPS)
[    0.649264] devtmpfs: initialized
[    0.654608] evm: security.selinux
[    0.656013] evm: security.SMACK64
[    0.657382] evm: security.SMACK64EXEC
[    0.658894] evm: security.SMACK64TRANSMUTE
[    0.660677] evm: security.SMACK64MMAP
[    0.662290] evm: security.ima
[    0.663478] evm: security.capability
[    0.668204] clocksource: jiffies: mask: 0xffffffff max_cycles: 0xffffffff, max_idle_ns: 7645041785100000 ns
[    0.671623] futex hash table entries: 512 (order: 3, 32768 bytes)
[    0.674120] pinctrl core: initialized pinctrl subsystem
[    0.676136] RTC time: 12:48:07, date: 01/21/21
[    0.682349] NET: Registered protocol family 16
[    0.696954] cpuidle: using governor ladder
[    0.709510] cpuidle: using governor menu
[    0.711384] PCCT header not found.
[    0.713379] ACPI: bus type PCI registered
[    0.715262] acpiphp: ACPI Hot Plug PCI Controller Driver version: 0.5
[    0.717427] PCI: Using configuration type 1 for base access
[    0.719164] PCI: Using configuration type 1 for extended access
[    0.735126] ACPI: Added _OSI(Module Device)
[    0.736611] ACPI: Added _OSI(Processor Device)
[    0.738221] ACPI: Added _OSI(3.0 _SCP Extensions)
[    0.740317] ACPI: Added _OSI(Processor Aggregator Device)
[    0.743241] ACPI: Executed 1 blocks of module-level executable AML code
[    0.750852] ACPI: Interpreter enabled
[    0.752203] ACPI: (supports S0 S5)
[    0.753397] ACPI: Using IOAPIC for interrupt routing
[    0.756595] PCI: Using host bridge windows from ACPI; if necessary, use "pci=nocrs" and report a bug
[    0.768409] ACPI: PCI Root Bridge [PCI0] (domain 0000 [bus 00-ff])
[    0.770618] acpi PNP0A03:00: _OSC: OS supports [ExtendedConfig ASPM ClockPM Segments MSI]
[    0.774716] acpi PNP0A03:00: _OSC: platform does not support [PCIeCapability]
[    0.777562] acpi PNP0A03:00: _OSC: not requesting control; platform does not support [PCIeCapability]
[    0.781378] acpi PNP0A03:00: _OSC: OS requested [PCIeHotplug PME AER PCIeCapability]
[    0.784326] acpi PNP0A03:00: _OSC: platform willing to grant [PCIeHotplug PME AER]
[    0.807186] acpi PNP0A03:00: _OSC failed (AE_SUPPORT); disabling ASPM
[    0.809976] PCI host bridge to bus 0000:00
[    0.811738] pci_bus 0000:00: root bus resource [io  0x0000-0x0cf7 window]
[    0.814183] pci_bus 0000:00: root bus resource [io  0x0d00-0xffff window]
[    0.816486] pci_bus 0000:00: root bus resource [mem 0x000a0000-0x000bffff window]
[    0.819180] pci_bus 0000:00: root bus resource [mem 0x40000000-0xfdffffff window]
[    0.822457] pci_bus 0000:00: root bus resource [bus 00-ff]
[    0.827374] pci 0000:00:01.1: legacy IDE quirk: reg 0x10: [io  0x01f0-0x01f7]
[    0.830005] pci 0000:00:01.1: legacy IDE quirk: reg 0x14: [io  0x03f6]
[    0.832030] pci 0000:00:01.1: legacy IDE quirk: reg 0x18: [io  0x0170-0x0177]
[    0.834386] pci 0000:00:01.1: legacy IDE quirk: reg 0x1c: [io  0x0376]
[    0.885622] pci 0000:00:07.0: quirk: [io  0x4000-0x403f] claimed by PIIX4 ACPI
[    0.888362] pci 0000:00:07.0: quirk: [io  0x4100-0x410f] claimed by PIIX4 SMB
[    0.911946] ACPI: PCI Interrupt Link [LNKA] (IRQs 5 9 10 *11)
[    0.915275] ACPI: PCI Interrupt Link [LNKB] (IRQs 5 9 *10 11)
[    0.921011] ACPI: PCI Interrupt Link [LNKC] (IRQs 5 *9 10 11)
[    0.924068] ACPI: PCI Interrupt Link [LNKD] (IRQs 5 9 10 *11)
[    0.926721] ACPI: Enabled 2 GPEs in block 00 to 07
[    0.931107] vgaarb: setting as boot device: PCI:0000:00:02.0
[    0.933550] vgaarb: device added: PCI:0000:00:02.0,decodes=io+mem,owns=io+mem,locks=none
[    0.936585] vgaarb: loaded
[    0.937736] vgaarb: bridge control possible 0000:00:02.0
[    0.940592] SCSI subsystem initialized
[    0.942539] ACPI: bus type USB registered
[    0.944169] usbcore: registered new interface driver usbfs
[    0.946356] usbcore: registered new interface driver hub
[    0.948605] usbcore: registered new device driver usb
[    0.953391] PCI: Using ACPI for IRQ routing
[    0.959932] NetLabel: Initializing
[    0.962795] NetLabel:  domain hash size = 128
[    0.965231] NetLabel:  protocols = UNLABELED CIPSOv4
[    0.969552] NetLabel:  unlabeled traffic allowed by default
[    0.971804] amd_nb: Cannot enumerate AMD northbridges
[    0.973684] clocksource: Switched to clocksource kvm-clock
[    0.993423] AppArmor: AppArmor Filesystem Enabled
[    0.999124] pnp: PnP ACPI init
[    1.001965] pnp: PnP ACPI: found 3 devices
[    1.015917] clocksource: acpi_pm: mask: 0xffffff max_cycles: 0xffffff, max_idle_ns: 2085701024 ns
[    1.019079] NET: Registered protocol family 2
[    1.021220] TCP established hash table entries: 8192 (order: 4, 65536 bytes)
[    1.023397] TCP bind hash table entries: 8192 (order: 5, 131072 bytes)
[    1.025472] TCP: Hash tables configured (established 8192 bind 8192)
[    1.030844] UDP hash table entries: 512 (order: 2, 16384 bytes)
[    1.033038] UDP-Lite hash table entries: 512 (order: 2, 16384 bytes)
[    1.035695] NET: Registered protocol family 1
[    1.038258] pci 0000:00:00.0: Limiting direct PCI/PCI transfers
[    1.040511] pci 0000:00:01.0: Activating ISA DMA hang workarounds
[    1.042548] Unpacking initramfs...
[    1.494961] Freeing initrd memory: 15444K
[    1.496687] clocksource: tsc: mask: 0xffffffffffffffff max_cycles: 0x1e36bf09aa0, max_idle_ns: 440795267906 ns
[    1.500377] platform rtc_cmos: registered platform RTC device (no PNP device found)
[    1.504148] Scanning for low memory corruption every 60 seconds
[    1.509020] audit: initializing netlink subsys (disabled)
[    1.511505] audit: type=2000 audit(1611233294.029:1): initialized
[    1.514876] Initialise system trusted keyring
[    1.518297] HugeTLB registered 2 MB page size, pre-allocated 0 pages
[    1.523817] zbud: loaded
[    1.525602] VFS: Disk quotas dquot_6.6.0
[    1.527601] VFS: Dquot-cache hash table entries: 512 (order 0, 4096 bytes)
[    1.530951] squashfs: version 4.0 (2009/01/31) Phillip Lougher
[    1.533993] fuse init (API version 7.23)
[    1.535922] Key type big_key registered
[    1.540505] Allocating IMA MOK and blacklist keyrings.
[    1.545736] Key type asymmetric registered
[    1.547775] Asymmetric key parser 'x509' registered
[    1.550038] Block layer SCSI generic (bsg) driver version 0.4 loaded (major 249)
[    1.553525] io scheduler noop registered
[    1.555340] io scheduler deadline registered (default)
[    1.558023] io scheduler cfq registered
[    1.560617] pci_hotplug: PCI Hot Plug PCI Core version: 0.5
[    1.563448] pciehp: PCI Express Hot Plug Controller Driver version: 0.4
[    1.566582] ACPI: AC Adapter [AC] (on-line)
[    1.568225] input: Power Button as /devices/LNXSYSTM:00/LNXPWRBN:00/input/input0
[    1.571498] ACPI: Power Button [PWRF]
[    1.573108] input: Sleep Button as /devices/LNXSYSTM:00/LNXSLPBN:00/input/input1
[    1.576165] ACPI: Sleep Button [SLPF]
[    1.578099] GHES: HEST is not enabled!
[    1.579593] ACPI: Battery Slot [BAT0] (battery present)
[    1.582171] Serial: 8250/16550 driver, 32 ports, IRQ sharing enabled
[    1.606911] 00:02: ttyS0 at I/O 0x3f8 (irq = 4, base_baud = 115200) is a 16550A
[    1.614908] Linux agpgart interface v0.103
[    1.619517] loop: module loaded
[    1.622241] scsi host0: ata_piix
[    1.624033] scsi host1: ata_piix
[    1.625565] ata1: PATA max UDMA/33 cmd 0x1f0 ctl 0x3f6 bmdma 0xd000 irq 14
[    1.628067] ata2: PATA max UDMA/33 cmd 0x170 ctl 0x376 bmdma 0xd008 irq 15
[    1.630752] libphy: Fixed MDIO Bus: probed
[    1.632226] tun: Universal TUN/TAP device driver, 1.6
[    1.634005] tun: (C) 1999-2004 Max Krasnyansky <maxk@qualcomm.com>
[    1.637018] PPP generic driver version 2.4.2
[    1.639037] ehci_hcd: USB 2.0 'Enhanced' Host Controller (EHCI) Driver
[    1.641242] ehci-pci: EHCI PCI platform driver
[    1.642865] ehci-platform: EHCI generic platform driver
[    1.644872] ohci_hcd: USB 1.1 'Open' Host Controller (OHCI) Driver
[    1.647223] ohci-pci: OHCI PCI platform driver
[    1.649274] ohci-platform: OHCI generic platform driver
[    1.651130] uhci_hcd: USB Universal Host Controller Interface driver
[    1.653057] i8042: PNP: PS/2 Controller [PNP0303:PS2K,PNP0f03:PS2M] at 0x60,0x64 irq 1,12
[    1.656510] serio: i8042 KBD port at 0x60,0x64 irq 1
[    1.658269] serio: i8042 AUX port at 0x60,0x64 irq 12
[    1.661065] mousedev: PS/2 mouse device common for all mice
[    1.664416] input: AT Translated Set 2 keyboard as /devices/platform/i8042/serio0/input/input2
[    1.667820] rtc_cmos rtc_cmos: rtc core: registered rtc_cmos as rtc0
[    1.670278] rtc_cmos rtc_cmos: alarms up to one day, 114 bytes nvram
[    1.675594] i2c /dev entries driver
[    1.677202] device-mapper: uevent: version 1.0.3
[    1.681457] device-mapper: ioctl: 4.34.0-ioctl (2015-10-28) initialised: dm-devel@redhat.com
[    1.686351] ledtrig-cpu: registered to indicate activity on CPUs
[    1.688862] x86/pm: family 0x15 cpu detected, MSR saving is needed during suspending.
[    1.692021] NET: Registered protocol family 10
[    1.693875] NET: Registered protocol family 17
[    1.695895] Key type dns_resolver registered
[    1.698615] registered taskstats version 1
[    1.700436] Loading compiled-in X.509 certificates
[    1.703101] Loaded X.509 cert 'Build time autogenerated kernel key: d37465c24ef3fae6c7088e8c56d8ac7755b77486'
[    1.706444] zswap: loaded using pool lzo/zbud
[    1.711688] Key type trusted registered
[    1.719699] Key type encrypted registered
[    1.721344] AppArmor: AppArmor sha1 policy hashing enabled
[    1.723243] ima: No TPM chip found, activating TPM-bypass!
[    1.725080] ima: Allocated hash algorithm: sha1
[    1.726870] evm: HMAC attrs: 0x1
[    1.729038]   Magic number: 5:606:835
[    1.731156] rtc_cmos rtc_cmos: setting system clock to 2021-01-21 12:48:08 UTC (1611233288)
[    1.734281] BIOS EDD facility v0.16 2004-Jun-25, 0 devices found
[    1.736172] EDD information not available.
[    1.819215] Freeing unused kernel memory: 1492K
[    1.821735] Write protecting the kernel read-only data: 14336k
[    1.824731] Freeing unused kernel memory: 1588K
[    1.826785] Freeing unused kernel memory: 52K
Loading, please wait...
starting version 229
[    1.853202] random: systemd-udevd: uninitialized urandom read (16 bytes read, 2 bits of entropy available)
[    1.854083] random: udevadm: uninitialized urandom read (16 bytes read, 2 bits of entropy available)
[    1.854115] random: udevadm: uninitialized urandom read (16 bytes read, 2 bits of entropy available)
[    1.864224] random: systemd-udevd: uninitialized urandom read (16 bytes read, 2 bits of entropy available)
[    1.867814] random: systemd-udevd: uninitialized urandom read (16 bytes read, 2 bits of entropy available)
[    1.872283] random: systemd-udevd: uninitialized urandom read (16 bytes read, 2 bits of entropy available)
[    1.879612] random: udevadm: uninitialized urandom read (16 bytes read, 2 bits of entropy available)
[    1.881789] random: systemd-udevd: uninitialized urandom read (16 bytes read, 2 bits of entropy available)
[    1.881819] random: systemd-udevd: uninitialized urandom read (16 bytes read, 2 bits of entropy available)
[    1.881832] random: systemd-udevd: uninitialized urandom read (16 bytes read, 2 bits of entropy available)
[    1.950330] e1000: Intel(R) PRO/1000 Network Driver - version 7.3.21-k8-NAPI
[    1.952937] e1000: Copyright (c) 1999-2006 Intel Corporation.
[    1.958438] Fusion MPT base driver 3.04.20
[    1.960806] Copyright (c) 1999-2008 LSI Corporation
[    1.978204] Fusion MPT SPI Host driver 3.04.20
[    2.026627] AVX version of gcm_enc/dec engaged.
[    2.028782] AES CTR mode by8 optimization enabled
[    2.174984] input: ImExPS/2 Generic Explorer Mouse as /devices/platform/i8042/serio1/input/input4
[    2.741075] e1000 0000:00:03.0 eth0: (PCI:33MHz:32-bit) 02:ae:b0:fc:20:e8
[    2.743503] e1000 0000:00:03.0 eth0: Intel(R) PRO/1000 Network Connection
[    2.747246] mptbase: ioc0: Initiating bringup
[    2.748533] e1000 0000:00:03.0 enp0s3: renamed from eth0
[    2.835151] ioc0: LSI53C1030 A0: Capabilities={Initiator}
[    3.004747] scsi host2: ioc0: LSI53C1030 A0, FwRev=00000000h, Ports=1, MaxQ=256, IRQ=20
[    3.119685] scsi 2:0:0:0: Direct-Access     VBOX     HARDDISK         1.0  PQ: 0 ANSI: 5
[    3.126386] scsi target2:0:0: Beginning Domain Validation
[    3.134516] scsi target2:0:0: Domain Validation skipping write tests
[    3.139068] scsi target2:0:0: Ending Domain Validation
[    3.141620] scsi target2:0:0: asynchronous
[    3.144450] scsi 2:0:1:0: Direct-Access     VBOX     HARDDISK         1.0  PQ: 0 ANSI: 5
[    3.147430] scsi target2:0:1: Beginning Domain Validation
[    3.151630] scsi target2:0:1: Domain Validation skipping write tests
[    3.153620] scsi target2:0:1: Ending Domain Validation
[    3.156113] scsi target2:0:1: asynchronous
[    3.168528] sd 2:0:0:0: [sda] 20971520 512-byte logical blocks: (10.7 GB/10.0 GiB)
[    3.175567] sd 2:0:0:0: Attached scsi generic sg0 type 0
[    3.178182] sd 2:0:0:0: [sda] Write Protect is off
[    3.178925] sd 2:0:1:0: [sdb] 20480 512-byte logical blocks: (10.5 MB/10.0 MiB)
[    3.179204] sd 2:0:1:0: [sdb] Write Protect is off
[    3.179429] sd 2:0:1:0: [sdb] Incomplete mode parameter data
[    3.179431] sd 2:0:1:0: [sdb] Assuming drive cache: write through
[    3.179710] sd 2:0:1:0: Attached scsi generic sg1 type 0
[    3.184042] sd 2:0:1:0: [sdb] Attached SCSI disk
[    3.194254] sd 2:0:0:0: [sda] Incomplete mode parameter data
[    3.199572] sd 2:0:0:0: [sda] Assuming drive cache: write through
[    3.204256]  sda: sda1
[    3.206624] sd 2:0:0:0: [sda] Attached SCSI disk
Begin: Loading essential drivers ... [    5.548589] md: linear personality registered for level -1
[    5.563311] md: multipath personality registered for level -4
[    5.572502] md: raid0 personality registered for level 0
[    5.583668] md: raid1 personality registered for level 1
[    5.658429] raid6: sse2x1   gen()  3198 MB/s
[    5.730509] raid6: sse2x1   xor()  2554 MB/s
[    5.797694] raid6: sse2x2   gen()  5814 MB/s
[    5.865909] raid6: sse2x2   xor()  4890 MB/s
[    5.933739] raid6: sse2x4   gen()  7118 MB/s
[    6.002360] raid6: sse2x4   xor()  2814 MB/s
[    6.004692] raid6: using algorithm sse2x4 gen() 7118 MB/s
[    6.008289] raid6: .... xor() 2814 MB/s, rmw enabled
[    6.011778] raid6: using ssse3x2 recovery algorithm
[    6.022152] xor: automatically using best checksumming function:
[    6.062252]    avx       :  3187.000 MB/sec
[    6.066964] async_tx: api initialized (async)
[    6.089850] md: raid6 personality registered for level 6
[    6.092462] md: raid5 personality registered for level 5
[    6.094767] md: raid4 personality registered for level 4
[    6.107745] md: raid10 personality registered for level 10
done.
Begin: Running /scripts/init-premount ... done.
Begin: Mounting root file system ... Begin: Running /scripts/local-top ... done.
Begin: Running /scripts/local-premount ... [    6.204325] Btrfs loaded
Scanning for Btrfs filesystems
done.
Warning: fsck not present, so skipping root file system
[    6.268862] EXT4-fs (sda1): mounted filesystem with ordered data mode. Opts: (null)
done.
Begin: Running /scripts/local-bottom ... done.
Begin: Running /scripts/init-bottom ... done.
[    6.472845] systemd[1]: systemd 229 running in system mode. (+PAM +AUDIT +SELINUX +IMA +APPARMOR +SMACK +SYSVINIT +UTMP +LIBCRYPTSETUP +GCRYPT +GNUTLS +ACL +XZ -LZ4 +SECCOMP +BLKID +ELFUTILS +KMOD -IDN)
[    6.482013] systemd[1]: Detected virtualization oracle.
[    6.483748] systemd[1]: Detected architecture x86-64.

Welcome to [1mUbuntu 16.04.7 LTS[0m!

[    6.490142] systemd[1]: Set hostname to <ubuntu-xenial>.
[    6.703467] systemd[1]: Listening on udev Control Socket.
[[0;32m  OK  [0m] Listening on udev Control Socket.
[    6.706980] systemd[1]: Listening on Journal Audit Socket.
[[0;32m  OK  [0m] Listening on Journal Audit Socket.
[    6.710771] systemd[1]: Started Trigger resolvconf update for networkd DNS.
[[0;32m  OK  [0m] Started Trigger resolvconf update for networkd DNS.
[    6.714466] systemd[1]: Listening on Journal Socket (/dev/log).
[[0;32m  OK  [0m] Listening on Journal Socket (/dev/log).
[    6.719574] systemd[1]: Started Forward Password Requests to Wall Directory Watch.
[[0;32m  OK  [0m] Started Forward Password Requests to Wall Directory Watch.
[    6.725335] systemd[1]: Created slice System Slice.
[[0;32m  OK  [0m] Created slice System Slice.
[    6.734032] systemd[1]: Reached target Swap.
[[0;32m  OK  [0m] Reached target Swap.
[    6.737025] systemd[1]: Set up automount Arbitrary Executable File Formats File System Automount Point.
[[0;32m  OK  [0m] Set up automount Arbitrary Executab...ats File System Automount Point.
[    6.742300] systemd[1]: Reached target Encrypted Volumes.
[[0;32m  OK  [0m] Reached target Encrypted Volumes.
[    6.747235] systemd[1]: Listening on /dev/initctl Compatibility Named Pipe.
[[0;32m  OK  [0m] Listening on /dev/initctl Compatibility Named Pipe.
[    6.751289] systemd[1]: Reached target System Time Synchronized.
[[0;32m  OK  [0m] Reached target System Time Synchronized.
[    6.755019] systemd[1]: Created slice User and Session Slice.
[[0;32m  OK  [0m] Created slice User and Session Slice.
[    6.760361] systemd[1]: Reached target Slices.
[[0;32m  OK  [0m] Reached target Slices.
[    6.764064] systemd[1]: Listening on udev Kernel Socket.
[[0;32m  OK  [0m] Listening on udev Kernel Socket.
[    6.767650] systemd[1]: Listening on LVM2 poll daemon socket.
[[0;32m  OK  [0m] Listening on LVM2 poll daemon socket.
[    6.771324] systemd[1]: Listening on LVM2 metadata daemon socket.
[[0;32m  OK  [0m] Listening on LVM2 metadata daemon socket.
[    6.774834] systemd[1]: Listening on Syslog Socket.
[[0;32m  OK  [0m] Listening on Syslog Socket.
[    6.777810] systemd[1]: Reached target User and Group Name Lookups.
[[0;32m  OK  [0m] Reached target User and Group Name Lookups.
[    6.781542] systemd[1]: Listening on Device-mapper event daemon FIFOs.
[[0;32m  OK  [0m] Listening on Device-mapper event daemon FIFOs.
[    6.784970] systemd[1]: Listening on Journal Socket.
[[0;32m  OK  [0m] Listening on Journal Socket.
[    6.802259] systemd[1]: Starting Create list of required static device nodes for the current kernel...
         Starting Create list of required st... nodes for the current kernel...
[    6.809396] systemd[1]: Starting Monitoring of LVM2 mirrors, snapshots etc. using dmeventd or progress polling...
         Starting Monitoring of LVM2 mirrors... dmeventd or progress polling...
[    6.818927] systemd[1]: Mounting Debug File System...
         Mounting Debug File System...
[    6.824919] systemd[1]: Starting Uncomplicated firewall...
         Starting Uncomplicated firewall...
[    6.832195] systemd[1]: Starting Nameserver information manager...
         Starting Nameserver information manager...
[    6.863093] systemd[1]: Starting Set console keymap...
         Starting Set console keymap...
[    6.875615] systemd[1]: Starting Load Kernel Modules...
         Starting Load Kernel Modules...
[    6.884995] systemd[1]: Starting Remount Root and Kernel File Systems...
         Starting Remount Root and Kernel File Systems...
[    6.893515] systemd[1]: Mounting POSIX Message Queue File System...
         Mounting POSIX Message Queue File Syste[    6.902478] EXT4-fs (sda1): re-mounted. Opts: (null)
m...
[    6.906147] systemd[1]: Starting Journal Service...
         Starting Journal Service...
[    6.927446] systemd[1]: Mounting Huge Pages File System...
         Mounting Huge Pages File System...
[    6.943331] systemd[1]: Created slice system-serial\x2dgetty.slice.
[[0;32m  OK  [0m] Created slice system-serial\x2dgetty.slice.
[    6.950164] Loading iSCSI transport class v2.0-870.
[    6.967447] systemd[1]: Mounted Debug File System.
[[0;32m  OK  [0m] Mounted Debug File System.
[    6.971381] systemd[1]: Mounted Huge Pages File System.
[[0;32m  OK  [0m] Mounted Huge Pages File System.
[    6.974478] iscsi: registered transport (tcp)
[    6.978215] systemd[1]: Mounted POSIX Message Queue File System.
[[0;32m  OK  [0m] Mounted POSIX Message Queue File System.
[    6.982451] systemd[1]: Started Journal Service.
[[0;32m  OK  [0m] Started Journal Service.
[[0;32m  OK  [0m] Started Create list of required sta...ce nodes for the current kernel.
[[0;32m  OK  [0m] Started Uncomplicated firewall.
[[0;32m  OK  [0m] Started Remount Root and Kernel File Systems.
[[0;32m  OK  [0m] Started LVM2 metadata daemon.
         Starting Load/Save Random Seed...
         Starting udev Coldplug all Devices...
         Starting Create Static Device Nodes in /dev...
         Starting Flush Journal to Persistent Storage...
[[0;32m  OK  [0m] Started Nameserver information manager.
[[0;32m  OK  [0m] Started Load/Save Random Seed.
[    7.098893] systemd-journald[404]: Received request to flush runtime journal from PID 1
[    7.112025] iscsi: registered transport (iser)
[[0;32m  OK  [0m] Started Set console keymap.
[[0;32m  OK  [0m] Started Load Kernel Modules.
[[0;32m  OK  [0m] Started Flush Journal to Persistent Storage.
         Mounting FUSE Control File System...
         Starting Apply Kernel Variables...
[[0;32m  OK  [0m] Mounted FUSE Control File System.
[[0;32m  OK  [0m] Started Create Static Device Nodes in /dev.
         Starting udev Kernel Device Manager...
[[0;32m  OK  [0m] Started Apply Kernel Variables.
[[0;32m  OK  [0m] Started udev Coldplug all Devices.
[[0;32m  OK  [0m] Started udev Kernel Device Manager.
[[0;32m  OK  [0m] Started Dispatch Password Requests to Console Directory Watch.
[[0;32m  OK  [0m] Started Monitoring of LVM2 mirrors,...ng dmeventd or progress polling.
[[0;32m  OK  [0m] Reached target Local File Systems (Pre).
         Mounting /vagrant...
[[0;32m  OK  [0m] Reached target Local File Systems.
         Starting LSB: AppArmor initialization...
         Starting Set console font and keymap...
         Starting Tell Plymouth To Write Out Runtime Data...
         Starting Initial cloud-init job (pre-networking)...
         Starting Create Volatile Files and Directories...
         Mounting /var/www...
[[0;1;31mFAILED[0m] Failed to mount /vagrant.
See 'systemctl status vagrant.mount' for details.
[[0;1;31mFAILED[0m] Failed to mount /var/www.
See 'systemctl status var-www.mount' for details.
[[0;32m  OK  [0m] Started Tell Plymouth To Write Out Runtime Data.
[[0;32m  OK  [0m] Started Create Volatile Files and Directories.
         Starting Update UTMP about System Boot/Shutdown...
[[0;32m  OK  [0m] Started Update UTMP about System Boot/Shutdown.
[[0;32m  OK  [0m] Started LSB: AppArmor initialization.
[[0;32m  OK  [0m] Found device /dev/ttyS0.
         Starting Load AppArmor profiles managed internally by snapd...
[[0;32m  OK  [0m] Started Load AppArmor profiles managed internally by snapd.
[[0;32m  OK  [0m] Listening on Load/Save RF Kill Switch Status /dev/rfkill Watch.
[[0;32m  OK  [0m] Found device 82540EM Gigabit Ethern...r (PRO/1000 MT Desktop Adapter).
[   10.393782] cloud-init[505]: Cloud-init v. 20.3-2-g371b392c-0ubuntu1~16.04.1 running 'init-local' at Thu, 21 Jan 2021 12:48:16 +0000. Up 9.78 seconds.
[[0;32m  OK  [0m] Started Set console font and keymap.
[[0;32m  OK  [0m] Created slice system-getty.slice.
[[0;32m  OK  [0m] Started Initial cloud-init job (pre-networking).
[[0;32m  OK  [0m] Reached target Network (Pre).
         Starting Raise network interfaces...
[[0;32m  OK  [0m] Started ifup for enp0s3.
[[0;32m  OK  [0m] Started Raise network interfaces.
[[0;32m  OK  [0m] Reached target Network.
         Starting Initial cloud-init job (metadata service crawler)...
[   12.229072] cloud-init[999]: Cloud-init v. 20.3-2-g371b392c-0ubuntu1~16.04.1 running 'init' at Thu, 21 Jan 2021 12:48:18 +0000. Up 11.62 seconds.
[   12.232651] cloud-init[999]: ci-info: ++++++++++++++++++++++++++++++++++++++Net device info++++++++++++++++++++++++++++++++++++++
[   12.235915] cloud-init[999]: ci-info: +--------+------+----------------------------+---------------+--------+-------------------+
[   12.239271] cloud-init[999]: ci-info: | Device |  Up  |          Address           |      Mask     | Scope  |     Hw-Address    |
[   12.244365] cloud-init[999]: ci-info: +--------+------+----------------------------+---------------+--------+-------------------+
[   12.246940] cloud-init[999]: ci-info: | enp0s3 | True |         10.0.2.15          | 255.255.255.0 | global | 02:ae:b0:fc:20:e8 |
[   12.250936] cloud-init[999]: ci-info: | enp0s3 | True | fe80::ae:b0ff:fefc:20e8/64 |       .       |  link  | 02:ae:b0:fc:20:e8 |
[   12.253733] cloud-init[999]: ci-info: |   lo   | True |         127.0.0.1          |   255.0.0.0   |  host  |         .         |
[   12.257388] cloud-init[999]: ci-info: |   lo   | True |          ::1/128           |       .       |  host  |         .         |
[   12.261074] cloud-init[999]: ci-info: +--------+------+----------------------------+---------------+--------+-------------------+
[   12.264428] cloud-init[999]: ci-info: +++++++++++++++++++++++++++Route IPv4 info++++++++++++++++++++++++++++
[   12.267989] cloud-init[999]: ci-info: +-------+-------------+----------+---------------+-----------+-------+
[   12.282032] cloud-init[999]: ci-info: | Route | Destination | Gateway  |    Genmask    | Interface | Flags |
[   12.289924] cloud-init[999]: ci-info: +-------+-------------+----------+---------------+-----------+-------+
[   12.292551] cloud-init[999]: ci-info: |   0   |   0.0.0.0   | 10.0.2.2 |    0.0.0.0    |   enp0s3  |   UG  |
[   12.296124] cloud-init[999]: ci-info: |   1   |   10.0.2.0  | 0.0.0.0  | 255.255.255.0 |   enp0s3  |   U   |
[   12.310372] cloud-init[999]: ci-info: +-------+-------------+----------+---------------+-----------+-------+
[   12.315352] cloud-init[999]: ci-info: +++++++++++++++++++Route IPv6 info+++++++++++++++++++
[   12.319894] cloud-init[999]: ci-info: +-------+-------------+---------+-----------+-------+
[   12.323348] cloud-init[999]: ci-info: | Route | Destination | Gateway | Interface | Flags |
[   12.326780] cloud-init[999]: ci-info: +-------+-------------+---------+-----------+-------+
[   12.329850] cloud-init[999]: ci-info: |   0   |  fe80::/64  |    ::   |   enp0s3  |   U   |
[   12.337795] cloud-init[999]: ci-info: |   3   |   ff00::/8  |    ::   |   enp0s3  |   U   |
[   12.339554] cloud-init[999]: ci-info: +-------+-------------+---------+-----------+-------+
[[0;32m  OK  [0m] Started Initial cloud-init job (metadata service crawler).
[[0;32m  OK  [0m] Reached target System Initialization.
[[0;32m  OK  [0m] Started Daily Cleanup of Temporary Directories.
[[0;32m  OK  [0m] Listening on ACPID Listen Socket.
         Starting LXD - unix socket.
[[0;32m  OK  [0m] Listening on D-Bus System Message Bus Socket.
[[0;32m  OK  [0m] Listening on UUID daemon activation socket.
         Starting Socket activation for snappy daemon.
[[0;32m  OK  [0m] Started Daily apt download activities.
[[0;32m  OK  [0m] Started ACPI Events Check.
[[0;32m  OK  [0m] Reached target Paths.
[[0;32m  OK  [0m] Started Clean PHP session files every 30 mins.
[[0;32m  OK  [0m] Started Message of the Day.
[[0;32m  OK  [0m] Started Daily apt upgrade and clean activities.
[[0;32m  OK  [0m] Reached target Timers.
[[0;32m  OK  [0m] Reached target Cloud-config availability.
[[0;32m  OK  [0m] Reached target Network is Online.
         Starting iSCSI initiator daemon (iscsid)...
[[0;32m  OK  [0m] Listening on LXD - unix socket.
[[0;32m  OK  [0m] Listening on Socket activation for snappy daemon.
[[0;32m  OK  [0m] Reached target Sockets.
[[0;32m  OK  [0m] Reached target Basic System.
         Starting LSB: Record successful boot for GRUB...
[[0;32m  OK  [0m] Started Deferred execution scheduler.
         Starting Login Service...
         Starting LXD - container startup/shutdown...
         Starting LSB: MD monitoring daemon...
         Starting Message of the Day...
         Starting /etc/rc.local Compatibility...
[[0;32m  OK  [0m] Started D-Bus System Message Bus.
[[0;32m  OK  [0m] Started ACPI event daemon.
[[0;32m  OK  [0m] Started FUSE filesystem for LXC.
[[0;32m  OK  [0m] Started Regular background program processing daemon.
         Starting OpenBSD Secure Shell server...
         Starting Accounts Service...
         Starting System Logging Service...
         Starting Clean php session files...
         Starting Virtualbox guest utils...
         Starting MySQL Community Server...
         Starting Snap Daemon...
[[0;32m  OK  [0m] Started iSCSI initiator daemon (iscsid).
[[0;32m  OK  [0m] Started Message of the Day.
[[0;32m  OK  [0m] Started /etc/rc.local Compatibility.
         Starting Login to default iSCSI targets...
[[0;32m  OK  [0m] Started Login Service.
[[0;32m  OK  [0m] Started Unattended Upgrades Shutdown.
[[0;32m  OK  [0m] Started System Logging Service.
[[0;32m  OK  [0m] Started LSB: Record successful boot for GRUB.
[[0;32m  OK  [0m] Started LSB: MD monitoring daemon.
[[0;32m  OK  [0m] Started Login to default iSCSI targets.
[[0;32m  OK  [0m] Reached target Remote File Systems (Pre).
[[0;32m  OK  [0m] Reached target Remote File Systems.
         Starting Permit User Sessions...
         Starting LSB: Set the CPU Frequency Scaling governor to "ondemand"...
         Starting LSB: Apache2 web server...
         Starting LSB: automatic crash report generation...
         Starting LSB: daemon to balance interrupts for SMP systems...
[[0;32m  OK  [0m] Started LXD - container startup/shutdown.
[[0;32m  OK  [0m] Started Permit User Sessions.
         Starting Terminate Plymouth Boot Screen...
         Starting Hold until boot process finishes up...
[[0;32m  OK  [0m] Started Terminate Plymouth Boot Screen.
[[0;32m  OK  [0m] Started Hold until boot process finishes up.
         Starting Set console scheme...
[[0;32m  OK  [0m] Started Serial Getty on ttyS0.
[[0;32m  OK  [0m] Started Getty on tty1.
[[0;32m  OK  [0m] Reached target Login Prompts.
[[0;32m  OK  [0m] Started OpenBSD Secure Shell server.
[[0;32m  OK  [0m] Started Set console scheme.
[[0;32m  OK  [0m] Started LSB: Set the CPU Frequency Scaling governor to "ondemand".
[[0;32m  OK  [0m] Started LSB: automatic crash report generation.
         Starting Authenticate and Authorize Users to Run Privileged Tasks...
[[0;32m  OK  [0m] Started LSB: daemon to balance interrupts for SMP systems.
[[0;32m  OK  [0m] Started Virtualbox guest utils.
[[0;32m  OK  [0m] Started Authenticate and Authorize Users to Run Privileged Tasks.
[[0;32m  OK  [0m] Started Accounts Service.
[[0;32m  OK  [0m] Created slice User Slice of vagrant.
         Starting User Manager for UID 1000...
[[0;32m  OK  [0m] Started Session 1 of user vagrant.
[[0;32m  OK  [0m] Started User Manager for UID 1000.
[[0;32m  OK  [0m] Started Snap Daemon.
         Starting Wait until snapd is fully seeded...
[[0;32m  OK  [0m] Started Wait until snapd is fully seeded.
         Starting Apply the settings specified in cloud-config...
[[0;32m  OK  [0m] Started LSB: Apache2 web server.
[[0;32m  OK  [0m] Started Clean php session files.
[   17.188516] cloud-init[1389]: Cloud-init v. 20.3-2-g371b392c-0ubuntu1~16.04.1 running 'modules:config' at Thu, 21 Jan 2021 12:48:24 +0000. Up 16.93 seconds.
[[0;32m  OK  [0m] Started Apply the settings specified in cloud-config.
[[0;32m  OK  [0m] Started MySQL Community Server.
[[0;32m  OK  [0m] Reached target Multi-User System.
         Starting Execute cloud user/final scripts...
[[0;32m  OK  [0m] Reached target Graphical Interface.
         Starting Update UTMP about System Runlevel Changes...
[[0;32m  OK  [0m] Started Update UTMP about System Runlevel Changes.
[   18.598654] cloud-init[1499]: Cloud-init v. 20.3-2-g371b392c-0ubuntu1~16.04.1 running 'modules:final' at Thu, 21 Jan 2021 12:48:25 +0000. Up 18.35 seconds.
[   18.599149] cloud-init[1499]: Cloud-init v. 20.3-2-g371b392c-0ubuntu1~16.04.1 finished at Thu, 21 Jan 2021 12:48:25 +0000. Datasource DataSourceNoCloud [seed=/dev/sdb][dsmode=net].  Up 18.57 seconds

Ubuntu 16.04.7 LTS ubuntu-xenial ttyS0

ubuntu-xenial login: 